api/client.ts(1,19): error TS2307: Cannot find module 'axios' or its corresponding type declarations.
api/client.ts(2,26): error TS2307: Cannot find module '@react-native-async-storage/async-storage' or its corresponding type declarations.
api/client.ts(23,10): error TS7006: Parameter 'config' implicitly has an 'any' type.
api/client.ts(34,4): error TS7006: Parameter 'error' implicitly has an 'any' type.
app/_layout.tsx(6,26): error TS2307: Cannot find module '@react-native-async-storage/async-storage' or its corresponding type declarations.
app/login.tsx(4,26): error TS2307: Cannot find module '@react-native-async-storage/async-storage' or its corresponding type declarations.
app/register.tsx(4,26): error TS2307: Cannot find module '@react-native-async-storage/async-storage' or its corresponding type declarations.
